2026-06-02 14:22:23.013  INFO DESKTOP-9L69FMB --- [kground-preinit] o.h.v.i.u.Version                        : HV000001: Hibernate Validator 8.0.3.Final
2026-06-02 14:22:23.040  INFO DESKTOP-9L69FMB --- [           main] a.c.l.m.a.m.s.Application                : Starting Application using Java 17.0.12 with PID 18072 (C:\Users\ksdev\Desktop\api\moh-api-mobile-service\target\classes started by ksdev in C:\Users\ksdev\Desktop\api\moh-api-mobile-service)
2026-06-02 14:22:23.042 DEBUG DESKTOP-9L69FMB --- [           main] a.c.l.m.a.m.s.Application                : Running with Spring Boot v3.5.14, Spring v6.2.18
2026-06-02 14:22:23.043  INFO DESKTOP-9L69FMB --- [           main] a.c.l.m.a.m.s.Application                : The following 1 profile is active: "dev"
2026-06-02 14:22:23.644  INFO DESKTOP-9L69FMB --- [           main] o.s.c.c.s.GenericScope                   : BeanFactory id=1c9b7d24-8494-3789-a528-b431554a2439
2026-06-02 14:22:23.768  INFO DESKTOP-9L69FMB --- [           main] o.s.b.w.e.t.TomcatWebServer              : Tomcat initialized with port 8002 (http)
2026-06-02 14:22:23.774  INFO DESKTOP-9L69FMB --- [           main] o.a.c.h.Http11NioProtocol                : Initializing ProtocolHandler ["http-nio-8002"]
2026-06-02 14:22:23.776  INFO DESKTOP-9L69FMB --- [           main] o.a.c.c.StandardService                  : Starting service [Tomcat]
2026-06-02 14:22:23.776  INFO DESKTOP-9L69FMB --- [           main] o.a.c.c.StandardEngine                   : Starting Servlet engine: [Apache Tomcat/10.1.54]
2026-06-02 14:22:23.810  INFO DESKTOP-9L69FMB --- [           main] o.a.c.c.C.[.[.[/moh-api-mobile-service]  : Initializing Spring embedded WebApplicationContext
2026-06-02 14:22:23.810  INFO DESKTOP-9L69FMB --- [           main] w.s.c.ServletWebServerApplicationContext : Root WebApplicationContext: initialization completed in 748 ms
2026-06-02 14:22:23.983  WARN DESKTOP-9L69FMB --- [           main] o.s.c.o.s.SpringMvcContract              : [OpenFeign Warning] Feign method 'public abstract apb.co.la.moh.api.mobile.service.dto.ApiResponse<java.lang.Object> apb.co.la.moh.api.mobile.service.client.ApiServiceClient.getLocationById(java.lang.String)' is declared as GET with parameters, but none of the parameters are annotated (e.g. @RequestParam, @RequestHeader, @PathVariable, etc). This may result in fallback to POST at runtime. Consider explicitly annotating parameters.
2026-06-02 14:22:23.984  WARN DESKTOP-9L69FMB --- [           main] o.s.c.o.s.SpringMvcContract              : [OpenFeign Warning] Feign method 'public abstract apb.co.la.moh.api.mobile.service.dto.ApiResponse<java.lang.Object> apb.co.la.moh.api.mobile.service.client.ApiServiceClient.getLocationsByParentId(java.lang.String)' is declared as GET with parameters, but none of the parameters are annotated (e.g. @RequestParam, @RequestHeader, @PathVariable, etc). This may result in fallback to POST at runtime. Consider explicitly annotating parameters.
2026-06-02 14:22:24.304  INFO DESKTOP-9L69FMB --- [           main] o.s.b.a.e.w.EndpointLinksResolver        : Exposing 1 endpoint beneath base path '/actuator'
2026-06-02 14:22:24.339  INFO DESKTOP-9L69FMB --- [           main] o.a.c.h.Http11NioProtocol                : Starting ProtocolHandler ["http-nio-8002"]
2026-06-02 14:22:24.348  INFO DESKTOP-9L69FMB --- [           main] o.s.b.w.e.t.TomcatWebServer              : Tomcat started on port 8002 (http) with context path '/moh-api-mobile-service'
2026-06-02 14:22:24.384  INFO DESKTOP-9L69FMB --- [           main] a.c.l.m.a.m.s.Application                : Started Application in 1.661 seconds (process running for 2.105)
2026-06-02 14:22:24.389  WARN DESKTOP-9L69FMB --- [           main] o.s.c.e.SpringDocAppInitializer          : SpringDoc /v3/api-docs endpoint is enabled by default. To disable it in production, set the property 'springdoc.api-docs.enabled=false'
2026-06-02 14:22:24.389  WARN DESKTOP-9L69FMB --- [           main] o.s.c.e.SpringDocAppInitializer          : SpringDoc /swagger-ui.html endpoint is enabled by default. To disable it in production, set the property 'springdoc.swagger-ui.enabled=false'
2026-06-02 14:22:24.881  INFO DESKTOP-9L69FMB --- [n(1)-10.2.6.191] o.a.c.c.C.[.[.[/moh-api-mobile-service]  : Initializing Spring DispatcherServlet 'dispatcherServlet'
2026-06-02 14:22:24.881  INFO DESKTOP-9L69FMB --- [n(1)-10.2.6.191] o.s.w.s.DispatcherServlet                : Initializing Servlet 'dispatcherServlet'
2026-06-02 14:22:24.882  INFO DESKTOP-9L69FMB --- [n(1)-10.2.6.191] o.s.w.s.DispatcherServlet                : Completed initialization in 1 ms
2026-06-02 14:23:38.514  INFO DESKTOP-9L69FMB --- [ionShutdownHook] o.s.b.w.e.t.GracefulShutdown             : Commencing graceful shutdown. Waiting for active requests to complete
2026-06-02 14:23:38.567  INFO DESKTOP-9L69FMB --- [tomcat-shutdown] o.s.b.w.e.t.GracefulShutdown             : Graceful shutdown complete
2026-06-02 15:05:10.635  INFO DESKTOP-9L69FMB --- [kground-preinit] o.h.v.i.u.Version                        : HV000001: Hibernate Validator 8.0.3.Final
2026-06-02 15:05:10.665  INFO DESKTOP-9L69FMB --- [           main] a.c.l.m.a.m.s.Application                : Starting Application using Java 17.0.12 with PID 15372 (C:\Users\ksdev\Desktop\api\moh-api-mobile-service\target\classes started by ksdev in C:\Users\ksdev\Desktop\api\moh-api-mobile-service)
2026-06-02 15:05:10.667 DEBUG DESKTOP-9L69FMB --- [           main] a.c.l.m.a.m.s.Application                : Running with Spring Boot v3.5.14, Spring v6.2.18
2026-06-02 15:05:10.668  INFO DESKTOP-9L69FMB --- [           main] a.c.l.m.a.m.s.Application                : The following 1 profile is active: "dev"
2026-06-02 15:05:11.251  INFO DESKTOP-9L69FMB --- [           main] o.s.c.c.s.GenericScope                   : BeanFactory id=1c9b7d24-8494-3789-a528-b431554a2439
2026-06-02 15:05:11.377  INFO DESKTOP-9L69FMB --- [           main] o.s.b.w.e.t.TomcatWebServer              : Tomcat initialized with port 8002 (http)
2026-06-02 15:05:11.382  INFO DESKTOP-9L69FMB --- [           main] o.a.c.h.Http11NioProtocol                : Initializing ProtocolHandler ["http-nio-8002"]
2026-06-02 15:05:11.384  INFO DESKTOP-9L69FMB --- [           main] o.a.c.c.StandardService                  : Starting service [Tomcat]
2026-06-02 15:05:11.384  INFO DESKTOP-9L69FMB --- [           main] o.a.c.c.StandardEngine                   : Starting Servlet engine: [Apache Tomcat/10.1.54]
2026-06-02 15:05:11.416  INFO DESKTOP-9L69FMB --- [           main] o.a.c.c.C.[.[.[/moh-api-mobile-service]  : Initializing Spring embedded WebApplicationContext
2026-06-02 15:05:11.417  INFO DESKTOP-9L69FMB --- [           main] w.s.c.ServletWebServerApplicationContext : Root WebApplicationContext: initialization completed in 728 ms
2026-06-02 15:05:11.581  WARN DESKTOP-9L69FMB --- [           main] o.s.c.o.s.SpringMvcContract              : [OpenFeign Warning] Feign method 'public abstract apb.co.la.moh.api.mobile.service.dto.ApiResponse<java.lang.Object> apb.co.la.moh.api.mobile.service.client.ApiServiceClient.getLocationById(java.lang.String)' is declared as GET with parameters, but none of the parameters are annotated (e.g. @RequestParam, @RequestHeader, @PathVariable, etc). This may result in fallback to POST at runtime. Consider explicitly annotating parameters.
2026-06-02 15:05:11.581  WARN DESKTOP-9L69FMB --- [           main] o.s.c.o.s.SpringMvcContract              : [OpenFeign Warning] Feign method 'public abstract apb.co.la.moh.api.mobile.service.dto.ApiResponse<java.lang.Object> apb.co.la.moh.api.mobile.service.client.ApiServiceClient.getLocationsByParentId(java.lang.String)' is declared as GET with parameters, but none of the parameters are annotated (e.g. @RequestParam, @RequestHeader, @PathVariable, etc). This may result in fallback to POST at runtime. Consider explicitly annotating parameters.
2026-06-02 15:05:11.884  INFO DESKTOP-9L69FMB --- [           main] o.s.b.a.e.w.EndpointLinksResolver        : Exposing 1 endpoint beneath base path '/actuator'
2026-06-02 15:05:11.914  INFO DESKTOP-9L69FMB --- [           main] o.a.c.h.Http11NioProtocol                : Starting ProtocolHandler ["http-nio-8002"]
2026-06-02 15:05:11.929  INFO DESKTOP-9L69FMB --- [           main] o.s.b.w.e.t.TomcatWebServer              : Tomcat started on port 8002 (http) with context path '/moh-api-mobile-service'
2026-06-02 15:05:11.964  INFO DESKTOP-9L69FMB --- [           main] a.c.l.m.a.m.s.Application                : Started Application in 1.611 seconds (process running for 2.117)
2026-06-02 15:05:11.968  WARN DESKTOP-9L69FMB --- [           main] o.s.c.e.SpringDocAppInitializer          : SpringDoc /v3/api-docs endpoint is enabled by default. To disable it in production, set the property 'springdoc.api-docs.enabled=false'
2026-06-02 15:05:11.968  WARN DESKTOP-9L69FMB --- [           main] o.s.c.e.SpringDocAppInitializer          : SpringDoc /swagger-ui.html endpoint is enabled by default. To disable it in production, set the property 'springdoc.swagger-ui.enabled=false'
2026-06-02 15:05:12.223  INFO DESKTOP-9L69FMB --- [n(3)-10.2.6.191] o.a.c.c.C.[.[.[/moh-api-mobile-service]  : Initializing Spring DispatcherServlet 'dispatcherServlet'
2026-06-02 15:05:12.223  INFO DESKTOP-9L69FMB --- [n(3)-10.2.6.191] o.s.w.s.DispatcherServlet                : Initializing Servlet 'dispatcherServlet'
2026-06-02 15:05:12.224  INFO DESKTOP-9L69FMB --- [n(3)-10.2.6.191] o.s.w.s.DispatcherServlet                : Completed initialization in 1 ms
2026-06-02 15:05:16.713  INFO DESKTOP-9L69FMB --- [nio-8002-exec-8] o.s.a.AbstractOpenApiResource            : Init duration for springdoc-openapi is: 132 ms
2026-06-02 15:05:27.018  INFO DESKTOP-9L69FMB --- [nio-8002-exec-5] a.c.l.m.a.m.s.c.LocationController       : GET /api/v1/mobile/locations/nearest - Finding nearest hospitals via integration service
2026-06-02 15:07:53.137  INFO DESKTOP-9L69FMB --- [ionShutdownHook] o.s.b.w.e.t.GracefulShutdown             : Commencing graceful shutdown. Waiting for active requests to complete
2026-06-02 15:07:53.194  INFO DESKTOP-9L69FMB --- [tomcat-shutdown] o.s.b.w.e.t.GracefulShutdown             : Graceful shutdown complete
2026-06-02 15:07:56.062  INFO DESKTOP-9L69FMB --- [kground-preinit] o.h.v.i.u.Version                        : HV000001: Hibernate Validator 8.0.3.Final
2026-06-02 15:07:56.090  INFO DESKTOP-9L69FMB --- [           main] a.c.l.m.a.m.s.Application                : Starting Application using Java 17.0.12 with PID 26164 (C:\Users\ksdev\Desktop\api\moh-api-mobile-service\target\classes started by ksdev in C:\Users\ksdev\Desktop\api\moh-api-mobile-service)
2026-06-02 15:07:56.092 DEBUG DESKTOP-9L69FMB --- [           main] a.c.l.m.a.m.s.Application                : Running with Spring Boot v3.5.14, Spring v6.2.18
2026-06-02 15:07:56.092  INFO DESKTOP-9L69FMB --- [           main] a.c.l.m.a.m.s.Application                : The following 1 profile is active: "dev"
2026-06-02 15:07:56.692  INFO DESKTOP-9L69FMB --- [           main] o.s.c.c.s.GenericScope                   : BeanFactory id=8319c08a-f8bc-3ccb-9a5b-81e1d8d4b254
2026-06-02 15:07:56.817  INFO DESKTOP-9L69FMB --- [           main] o.s.b.w.e.t.TomcatWebServer              : Tomcat initialized with port 8002 (http)
2026-06-02 15:07:56.824  INFO DESKTOP-9L69FMB --- [           main] o.a.c.h.Http11NioProtocol                : Initializing ProtocolHandler ["http-nio-8002"]
2026-06-02 15:07:56.825  INFO DESKTOP-9L69FMB --- [           main] o.a.c.c.StandardService                  : Starting service [Tomcat]
2026-06-02 15:07:56.826  INFO DESKTOP-9L69FMB --- [           main] o.a.c.c.StandardEngine                   : Starting Servlet engine: [Apache Tomcat/10.1.54]
2026-06-02 15:07:56.855  INFO DESKTOP-9L69FMB --- [           main] o.a.c.c.C.[.[.[/moh-api-mobile-service]  : Initializing Spring embedded WebApplicationContext
2026-06-02 15:07:56.855  INFO DESKTOP-9L69FMB --- [           main] w.s.c.ServletWebServerApplicationContext : Root WebApplicationContext: initialization completed in 744 ms
2026-06-02 15:07:56.940  WARN DESKTOP-9L69FMB --- [           main] ConfigServletWebServerApplicationContext : Exception encountered during context initialization - cancelling refresh attempt: org.springframework.beans.factory.BeanCreationException: Error creating bean with name 'openApiConfig': Injection of autowired dependencies failed
2026-06-02 15:07:56.942  INFO DESKTOP-9L69FMB --- [           main] o.a.c.c.StandardService                  : Stopping service [Tomcat]
2026-06-02 15:07:56.952  INFO DESKTOP-9L69FMB --- [           main] .s.b.a.l.ConditionEvaluationReportLogger : 

Error starting ApplicationContext. To display the condition evaluation report re-run your application with 'debug' enabled.
2026-06-02 15:07:56.960 ERROR DESKTOP-9L69FMB --- [           main] o.s.b.SpringApplication                  : Application run failed
org.springframework.beans.factory.BeanCreationException: Error creating bean with name 'openApiConfig': Injection of autowired dependencies failed
	at org.springframework.beans.factory.annotation.AutowiredAnnotationBeanPostProcessor.postProcessProperties(AutowiredAnnotationBeanPostProcessor.java:515)
	at org.springframework.beans.factory.support.AbstractAutowireCapableBeanFactory.populateBean(AbstractAutowireCapableBeanFactory.java:1459)
	at org.springframework.beans.factory.support.AbstractAutowireCapableBeanFactory.doCreateBean(AbstractAutowireCapableBeanFactory.java:606)
	at org.springframework.beans.factory.support.AbstractAutowireCapableBeanFactory.createBean(AbstractAutowireCapableBeanFactory.java:529)
	at org.springframework.beans.factory.support.AbstractBeanFactory.lambda$doGetBean$0(AbstractBeanFactory.java:339)
	at org.springframework.beans.factory.support.DefaultSingletonBeanRegistry.getSingleton(DefaultSingletonBeanRegistry.java:373)
	at org.springframework.beans.factory.support.AbstractBeanFactory.doGetBean(AbstractBeanFactory.java:337)
	at org.springframework.beans.factory.support.AbstractBeanFactory.getBean(AbstractBeanFactory.java:202)
	at org.springframework.beans.factory.support.DefaultListableBeanFactory.instantiateSingleton(DefaultListableBeanFactory.java:1228)
	at org.springframework.beans.factory.support.DefaultListableBeanFactory.preInstantiateSingleton(DefaultListableBeanFactory.java:1194)
	at org.springframework.beans.factory.support.DefaultListableBeanFactory.preInstantiateSingletons(DefaultListableBeanFactory.java:1130)
	at org.springframework.context.support.AbstractApplicationContext.finishBeanFactoryInitialization(AbstractApplicationContext.java:991)
	at org.springframework.context.support.AbstractApplicationContext.refresh(AbstractApplicationContext.java:628)
	at org.springframework.boot.web.servlet.context.ServletWebServerApplicationContext.refresh(ServletWebServerApplicationContext.java:146)
	at org.springframework.boot.SpringApplication.refresh(SpringApplication.java:752)
	at org.springframework.boot.SpringApplication.refreshContext(SpringApplication.java:439)
	at org.springframework.boot.SpringApplication.run(SpringApplication.java:318)
	at org.springframework.boot.SpringApplication.run(SpringApplication.java:1361)
	at org.springframework.boot.SpringApplication.run(SpringApplication.java:1350)
	at apb.co.la.moh.api.mobile.service.Application.main(Application.java:11)
Caused by: org.springframework.util.PlaceholderResolutionException: Could not resolve placeholder 'swagger.server.dev.url' in value "${swagger.server.dev.url}"
	at org.springframework.util.PlaceholderResolutionException.withValue(PlaceholderResolutionException.java:81)
	at org.springframework.util.PlaceholderParser$ParsedValue.resolve(PlaceholderParser.java:298)
	at org.springframework.util.PlaceholderParser.replacePlaceholders(PlaceholderParser.java:131)
	at org.springframework.util.PropertyPlaceholderHelper.replacePlaceholders(PropertyPlaceholderHelper.java:114)
	at org.springframework.core.env.AbstractPropertyResolver.doResolvePlaceholders(AbstractPropertyResolver.java:293)
	at org.springframework.core.env.AbstractPropertyResolver.resolveRequiredPlaceholders(AbstractPropertyResolver.java:264)
	at org.springframework.context.support.PropertySourcesPlaceholderConfigurer.lambda$processProperties$0(PropertySourcesPlaceholderConfigurer.java:186)
	at org.springframework.beans.factory.support.AbstractBeanFactory.resolveEmbeddedValue(AbstractBeanFactory.java:970)
	at org.springframework.beans.factory.support.DefaultListableBeanFactory.doResolveDependency(DefaultListableBeanFactory.java:1675)
	at org.springframework.beans.factory.support.DefaultListableBeanFactory.resolveDependency(DefaultListableBeanFactory.java:1653)
	at org.springframework.beans.factory.annotation.AutowiredAnnotationBeanPostProcessor$AutowiredFieldElement.resolveFieldValue(AutowiredAnnotationBeanPostProcessor.java:784)
	at org.springframework.beans.factory.annotation.AutowiredAnnotationBeanPostProcessor$AutowiredFieldElement.inject(AutowiredAnnotationBeanPostProcessor.java:767)
	at org.springframework.beans.factory.annotation.InjectionMetadata.inject(InjectionMetadata.java:146)
	at org.springframework.beans.factory.annotation.AutowiredAnnotationBeanPostProcessor.postProcessProperties(AutowiredAnnotationBeanPostProcessor.java:509)
	... 19 more
2026-06-02 15:08:38.171  INFO DESKTOP-9L69FMB --- [kground-preinit] o.h.v.i.u.Version                        : HV000001: Hibernate Validator 8.0.3.Final
2026-06-02 15:08:38.198  INFO DESKTOP-9L69FMB --- [           main] a.c.l.m.a.m.s.Application                : Starting Application using Java 17.0.12 with PID 24800 (C:\Users\ksdev\Desktop\api\moh-api-mobile-service\target\classes started by ksdev in C:\Users\ksdev\Desktop\api\moh-api-mobile-service)
2026-06-02 15:08:38.201 DEBUG DESKTOP-9L69FMB --- [           main] a.c.l.m.a.m.s.Application                : Running with Spring Boot v3.5.14, Spring v6.2.18
2026-06-02 15:08:38.202  INFO DESKTOP-9L69FMB --- [           main] a.c.l.m.a.m.s.Application                : The following 1 profile is active: "dev"
2026-06-02 15:08:38.796  INFO DESKTOP-9L69FMB --- [           main] o.s.c.c.s.GenericScope                   : BeanFactory id=8319c08a-f8bc-3ccb-9a5b-81e1d8d4b254
2026-06-02 15:08:38.919  INFO DESKTOP-9L69FMB --- [           main] o.s.b.w.e.t.TomcatWebServer              : Tomcat initialized with port 8002 (http)
2026-06-02 15:08:38.924  INFO DESKTOP-9L69FMB --- [           main] o.a.c.h.Http11NioProtocol                : Initializing ProtocolHandler ["http-nio-8002"]
2026-06-02 15:08:38.925  INFO DESKTOP-9L69FMB --- [           main] o.a.c.c.StandardService                  : Starting service [Tomcat]
2026-06-02 15:08:38.925  INFO DESKTOP-9L69FMB --- [           main] o.a.c.c.StandardEngine                   : Starting Servlet engine: [Apache Tomcat/10.1.54]
2026-06-02 15:08:38.961  INFO DESKTOP-9L69FMB --- [           main] o.a.c.c.C.[.[.[/moh-api-mobile-service]  : Initializing Spring embedded WebApplicationContext
2026-06-02 15:08:38.961  INFO DESKTOP-9L69FMB --- [           main] w.s.c.ServletWebServerApplicationContext : Root WebApplicationContext: initialization completed in 739 ms
2026-06-02 15:08:39.050  WARN DESKTOP-9L69FMB --- [           main] ConfigServletWebServerApplicationContext : Exception encountered during context initialization - cancelling refresh attempt: org.springframework.beans.factory.BeanCreationException: Error creating bean with name 'openApiConfig': Injection of autowired dependencies failed
2026-06-02 15:08:39.051  INFO DESKTOP-9L69FMB --- [           main] o.a.c.c.StandardService                  : Stopping service [Tomcat]
2026-06-02 15:08:39.060  INFO DESKTOP-9L69FMB --- [           main] .s.b.a.l.ConditionEvaluationReportLogger : 

Error starting ApplicationContext. To display the condition evaluation report re-run your application with 'debug' enabled.
2026-06-02 15:08:39.068 ERROR DESKTOP-9L69FMB --- [           main] o.s.b.SpringApplication                  : Application run failed
org.springframework.beans.factory.BeanCreationException: Error creating bean with name 'openApiConfig': Injection of autowired dependencies failed
	at org.springframework.beans.factory.annotation.AutowiredAnnotationBeanPostProcessor.postProcessProperties(AutowiredAnnotationBeanPostProcessor.java:515)
	at org.springframework.beans.factory.support.AbstractAutowireCapableBeanFactory.populateBean(AbstractAutowireCapableBeanFactory.java:1459)
	at org.springframework.beans.factory.support.AbstractAutowireCapableBeanFactory.doCreateBean(AbstractAutowireCapableBeanFactory.java:606)
	at org.springframework.beans.factory.support.AbstractAutowireCapableBeanFactory.createBean(AbstractAutowireCapableBeanFactory.java:529)
	at org.springframework.beans.factory.support.AbstractBeanFactory.lambda$doGetBean$0(AbstractBeanFactory.java:339)
	at org.springframework.beans.factory.support.DefaultSingletonBeanRegistry.getSingleton(DefaultSingletonBeanRegistry.java:373)
	at org.springframework.beans.factory.support.AbstractBeanFactory.doGetBean(AbstractBeanFactory.java:337)
	at org.springframework.beans.factory.support.AbstractBeanFactory.getBean(AbstractBeanFactory.java:202)
	at org.springframework.beans.factory.support.DefaultListableBeanFactory.instantiateSingleton(DefaultListableBeanFactory.java:1228)
	at org.springframework.beans.factory.support.DefaultListableBeanFactory.preInstantiateSingleton(DefaultListableBeanFactory.java:1194)
	at org.springframework.beans.factory.support.DefaultListableBeanFactory.preInstantiateSingletons(DefaultListableBeanFactory.java:1130)
	at org.springframework.context.support.AbstractApplicationContext.finishBeanFactoryInitialization(AbstractApplicationContext.java:991)
	at org.springframework.context.support.AbstractApplicationContext.refresh(AbstractApplicationContext.java:628)
	at org.springframework.boot.web.servlet.context.ServletWebServerApplicationContext.refresh(ServletWebServerApplicationContext.java:146)
	at org.springframework.boot.SpringApplication.refresh(SpringApplication.java:752)
	at org.springframework.boot.SpringApplication.refreshContext(SpringApplication.java:439)
	at org.springframework.boot.SpringApplication.run(SpringApplication.java:318)
	at org.springframework.boot.SpringApplication.run(SpringApplication.java:1361)
	at org.springframework.boot.SpringApplication.run(SpringApplication.java:1350)
	at apb.co.la.moh.api.mobile.service.Application.main(Application.java:11)
Caused by: org.springframework.util.PlaceholderResolutionException: Could not resolve placeholder 'swagger.server.dev.enabled' in value "${swagger.server.dev.enabled}"
	at org.springframework.util.PlaceholderResolutionException.withValue(PlaceholderResolutionException.java:81)
	at org.springframework.util.PlaceholderParser$ParsedValue.resolve(PlaceholderParser.java:298)
	at org.springframework.util.PlaceholderParser.replacePlaceholders(PlaceholderParser.java:131)
	at org.springframework.util.PropertyPlaceholderHelper.replacePlaceholders(PropertyPlaceholderHelper.java:114)
	at org.springframework.core.env.AbstractPropertyResolver.doResolvePlaceholders(AbstractPropertyResolver.java:293)
	at org.springframework.core.env.AbstractPropertyResolver.resolveRequiredPlaceholders(AbstractPropertyResolver.java:264)
	at org.springframework.context.support.PropertySourcesPlaceholderConfigurer.lambda$processProperties$0(PropertySourcesPlaceholderConfigurer.java:186)
	at org.springframework.beans.factory.support.AbstractBeanFactory.resolveEmbeddedValue(AbstractBeanFactory.java:970)
	at org.springframework.beans.factory.support.DefaultListableBeanFactory.doResolveDependency(DefaultListableBeanFactory.java:1675)
	at org.springframework.beans.factory.support.DefaultListableBeanFactory.resolveDependency(DefaultListableBeanFactory.java:1653)
	at org.springframework.beans.factory.annotation.AutowiredAnnotationBeanPostProcessor$AutowiredFieldElement.resolveFieldValue(AutowiredAnnotationBeanPostProcessor.java:784)
	at org.springframework.beans.factory.annotation.AutowiredAnnotationBeanPostProcessor$AutowiredFieldElement.inject(AutowiredAnnotationBeanPostProcessor.java:767)
	at org.springframework.beans.factory.annotation.InjectionMetadata.inject(InjectionMetadata.java:146)
	at org.springframework.beans.factory.annotation.AutowiredAnnotationBeanPostProcessor.postProcessProperties(AutowiredAnnotationBeanPostProcessor.java:509)
	... 19 more
2026-06-02 15:09:18.570  INFO DESKTOP-9L69FMB --- [kground-preinit] o.h.v.i.u.Version                        : HV000001: Hibernate Validator 8.0.3.Final
2026-06-02 15:09:18.598  INFO DESKTOP-9L69FMB --- [           main] a.c.l.m.a.m.s.Application                : Starting Application using Java 17.0.12 with PID 19480 (C:\Users\ksdev\Desktop\api\moh-api-mobile-service\target\classes started by ksdev in C:\Users\ksdev\Desktop\api\moh-api-mobile-service)
2026-06-02 15:09:18.601 DEBUG DESKTOP-9L69FMB --- [           main] a.c.l.m.a.m.s.Application                : Running with Spring Boot v3.5.14, Spring v6.2.18
2026-06-02 15:09:18.601  INFO DESKTOP-9L69FMB --- [           main] a.c.l.m.a.m.s.Application                : The following 1 profile is active: "dev"
2026-06-02 15:09:19.179  INFO DESKTOP-9L69FMB --- [           main] o.s.c.c.s.GenericScope                   : BeanFactory id=8319c08a-f8bc-3ccb-9a5b-81e1d8d4b254
2026-06-02 15:09:19.299  INFO DESKTOP-9L69FMB --- [           main] o.s.b.w.e.t.TomcatWebServer              : Tomcat initialized with port 8002 (http)
2026-06-02 15:09:19.306  INFO DESKTOP-9L69FMB --- [           main] o.a.c.h.Http11NioProtocol                : Initializing ProtocolHandler ["http-nio-8002"]
2026-06-02 15:09:19.307  INFO DESKTOP-9L69FMB --- [           main] o.a.c.c.StandardService                  : Starting service [Tomcat]
2026-06-02 15:09:19.307  INFO DESKTOP-9L69FMB --- [           main] o.a.c.c.StandardEngine                   : Starting Servlet engine: [Apache Tomcat/10.1.54]
2026-06-02 15:09:19.339  INFO DESKTOP-9L69FMB --- [           main] o.a.c.c.C.[.[.[/moh-api-mobile-service]  : Initializing Spring embedded WebApplicationContext
2026-06-02 15:09:19.339  INFO DESKTOP-9L69FMB --- [           main] w.s.c.ServletWebServerApplicationContext : Root WebApplicationContext: initialization completed in 719 ms
2026-06-02 15:09:19.418  WARN DESKTOP-9L69FMB --- [           main] ConfigServletWebServerApplicationContext : Exception encountered during context initialization - cancelling refresh attempt: org.springframework.beans.factory.BeanCreationException: Error creating bean with name 'openApiConfig': Injection of autowired dependencies failed
2026-06-02 15:09:19.419  INFO DESKTOP-9L69FMB --- [           main] o.a.c.c.StandardService                  : Stopping service [Tomcat]
2026-06-02 15:09:19.429  INFO DESKTOP-9L69FMB --- [           main] .s.b.a.l.ConditionEvaluationReportLogger : 

Error starting ApplicationContext. To display the condition evaluation report re-run your application with 'debug' enabled.
2026-06-02 15:09:19.437 ERROR DESKTOP-9L69FMB --- [           main] o.s.b.SpringApplication                  : Application run failed
org.springframework.beans.factory.BeanCreationException: Error creating bean with name 'openApiConfig': Injection of autowired dependencies failed
	at org.springframework.beans.factory.annotation.AutowiredAnnotationBeanPostProcessor.postProcessProperties(AutowiredAnnotationBeanPostProcessor.java:515)
	at org.springframework.beans.factory.support.AbstractAutowireCapableBeanFactory.populateBean(AbstractAutowireCapableBeanFactory.java:1459)
	at org.springframework.beans.factory.support.AbstractAutowireCapableBeanFactory.doCreateBean(AbstractAutowireCapableBeanFactory.java:606)
	at org.springframework.beans.factory.support.AbstractAutowireCapableBeanFactory.createBean(AbstractAutowireCapableBeanFactory.java:529)
	at org.springframework.beans.factory.support.AbstractBeanFactory.lambda$doGetBean$0(AbstractBeanFactory.java:339)
	at org.springframework.beans.factory.support.DefaultSingletonBeanRegistry.getSingleton(DefaultSingletonBeanRegistry.java:373)
	at org.springframework.beans.factory.support.AbstractBeanFactory.doGetBean(AbstractBeanFactory.java:337)
	at org.springframework.beans.factory.support.AbstractBeanFactory.getBean(AbstractBeanFactory.java:202)
	at org.springframework.beans.factory.support.DefaultListableBeanFactory.instantiateSingleton(DefaultListableBeanFactory.java:1228)
	at org.springframework.beans.factory.support.DefaultListableBeanFactory.preInstantiateSingleton(DefaultListableBeanFactory.java:1194)
	at org.springframework.beans.factory.support.DefaultListableBeanFactory.preInstantiateSingletons(DefaultListableBeanFactory.java:1130)
	at org.springframework.context.support.AbstractApplicationContext.finishBeanFactoryInitialization(AbstractApplicationContext.java:991)
	at org.springframework.context.support.AbstractApplicationContext.refresh(AbstractApplicationContext.java:628)
	at org.springframework.boot.web.servlet.context.ServletWebServerApplicationContext.refresh(ServletWebServerApplicationContext.java:146)
	at org.springframework.boot.SpringApplication.refresh(SpringApplication.java:752)
	at org.springframework.boot.SpringApplication.refreshContext(SpringApplication.java:439)
	at org.springframework.boot.SpringApplication.run(SpringApplication.java:318)
	at org.springframework.boot.SpringApplication.run(SpringApplication.java:1361)
	at org.springframework.boot.SpringApplication.run(SpringApplication.java:1350)
	at apb.co.la.moh.api.mobile.service.Application.main(Application.java:11)
Caused by: org.springframework.util.PlaceholderResolutionException: Could not resolve placeholder 'swagger.server.dev.enabled' in value "${swagger.server.dev.enabled}"
	at org.springframework.util.PlaceholderResolutionException.withValue(PlaceholderResolutionException.java:81)
	at org.springframework.util.PlaceholderParser$ParsedValue.resolve(PlaceholderParser.java:298)
	at org.springframework.util.PlaceholderParser.replacePlaceholders(PlaceholderParser.java:131)
	at org.springframework.util.PropertyPlaceholderHelper.replacePlaceholders(PropertyPlaceholderHelper.java:114)
	at org.springframework.core.env.AbstractPropertyResolver.doResolvePlaceholders(AbstractPropertyResolver.java:293)
	at org.springframework.core.env.AbstractPropertyResolver.resolveRequiredPlaceholders(AbstractPropertyResolver.java:264)
	at org.springframework.context.support.PropertySourcesPlaceholderConfigurer.lambda$processProperties$0(PropertySourcesPlaceholderConfigurer.java:186)
	at org.springframework.beans.factory.support.AbstractBeanFactory.resolveEmbeddedValue(AbstractBeanFactory.java:970)
	at org.springframework.beans.factory.support.DefaultListableBeanFactory.doResolveDependency(DefaultListableBeanFactory.java:1675)
	at org.springframework.beans.factory.support.DefaultListableBeanFactory.resolveDependency(DefaultListableBeanFactory.java:1653)
	at org.springframework.beans.factory.annotation.AutowiredAnnotationBeanPostProcessor$AutowiredFieldElement.resolveFieldValue(AutowiredAnnotationBeanPostProcessor.java:784)
	at org.springframework.beans.factory.annotation.AutowiredAnnotationBeanPostProcessor$AutowiredFieldElement.inject(AutowiredAnnotationBeanPostProcessor.java:767)
	at org.springframework.beans.factory.annotation.InjectionMetadata.inject(InjectionMetadata.java:146)
	at org.springframework.beans.factory.annotation.AutowiredAnnotationBeanPostProcessor.postProcessProperties(AutowiredAnnotationBeanPostProcessor.java:509)
	... 19 more
2026-06-02 15:15:20.358  INFO DESKTOP-9L69FMB --- [kground-preinit] o.h.v.i.u.Version                        : HV000001: Hibernate Validator 8.0.3.Final
2026-06-02 15:15:20.386  INFO DESKTOP-9L69FMB --- [           main] a.c.l.m.a.m.s.Application                : Starting Application using Java 17.0.12 with PID 22456 (C:\Users\ksdev\Desktop\api\moh-api-mobile-service\target\classes started by ksdev in C:\Users\ksdev\Desktop\api\moh-api-mobile-service)
2026-06-02 15:15:20.388 DEBUG DESKTOP-9L69FMB --- [           main] a.c.l.m.a.m.s.Application                : Running with Spring Boot v3.5.14, Spring v6.2.18
2026-06-02 15:15:20.389  INFO DESKTOP-9L69FMB --- [           main] a.c.l.m.a.m.s.Application                : The following 1 profile is active: "dev"
2026-06-02 15:15:20.974  INFO DESKTOP-9L69FMB --- [           main] o.s.c.c.s.GenericScope                   : BeanFactory id=8319c08a-f8bc-3ccb-9a5b-81e1d8d4b254
2026-06-02 15:15:21.094  INFO DESKTOP-9L69FMB --- [           main] o.s.b.w.e.t.TomcatWebServer              : Tomcat initialized with port 8002 (http)
2026-06-02 15:15:21.101  INFO DESKTOP-9L69FMB --- [           main] o.a.c.h.Http11NioProtocol                : Initializing ProtocolHandler ["http-nio-8002"]
2026-06-02 15:15:21.102  INFO DESKTOP-9L69FMB --- [           main] o.a.c.c.StandardService                  : Starting service [Tomcat]
2026-06-02 15:15:21.102  INFO DESKTOP-9L69FMB --- [           main] o.a.c.c.StandardEngine                   : Starting Servlet engine: [Apache Tomcat/10.1.54]
2026-06-02 15:15:21.135  INFO DESKTOP-9L69FMB --- [           main] o.a.c.c.C.[.[.[/moh-api-mobile-service]  : Initializing Spring embedded WebApplicationContext
2026-06-02 15:15:21.135  INFO DESKTOP-9L69FMB --- [           main] w.s.c.ServletWebServerApplicationContext : Root WebApplicationContext: initialization completed in 727 ms
2026-06-02 15:15:21.217  WARN DESKTOP-9L69FMB --- [           main] ConfigServletWebServerApplicationContext : Exception encountered during context initialization - cancelling refresh attempt: org.springframework.beans.factory.BeanCreationException: Error creating bean with name 'openApiConfig': Injection of autowired dependencies failed
2026-06-02 15:15:21.219  INFO DESKTOP-9L69FMB --- [           main] o.a.c.c.StandardService                  : Stopping service [Tomcat]
2026-06-02 15:15:21.228  INFO DESKTOP-9L69FMB --- [           main] .s.b.a.l.ConditionEvaluationReportLogger : 

Error starting ApplicationContext. To display the condition evaluation report re-run your application with 'debug' enabled.
2026-06-02 15:15:21.236 ERROR DESKTOP-9L69FMB --- [           main] o.s.b.SpringApplication                  : Application run failed
org.springframework.beans.factory.BeanCreationException: Error creating bean with name 'openApiConfig': Injection of autowired dependencies failed
	at org.springframework.beans.factory.annotation.AutowiredAnnotationBeanPostProcessor.postProcessProperties(AutowiredAnnotationBeanPostProcessor.java:515)
	at org.springframework.beans.factory.support.AbstractAutowireCapableBeanFactory.populateBean(AbstractAutowireCapableBeanFactory.java:1459)
	at org.springframework.beans.factory.support.AbstractAutowireCapableBeanFactory.doCreateBean(AbstractAutowireCapableBeanFactory.java:606)
	at org.springframework.beans.factory.support.AbstractAutowireCapableBeanFactory.createBean(AbstractAutowireCapableBeanFactory.java:529)
	at org.springframework.beans.factory.support.AbstractBeanFactory.lambda$doGetBean$0(AbstractBeanFactory.java:339)
	at org.springframework.beans.factory.support.DefaultSingletonBeanRegistry.getSingleton(DefaultSingletonBeanRegistry.java:373)
	at org.springframework.beans.factory.support.AbstractBeanFactory.doGetBean(AbstractBeanFactory.java:337)
	at org.springframework.beans.factory.support.AbstractBeanFactory.getBean(AbstractBeanFactory.java:202)
	at org.springframework.beans.factory.support.DefaultListableBeanFactory.instantiateSingleton(DefaultListableBeanFactory.java:1228)
	at org.springframework.beans.factory.support.DefaultListableBeanFactory.preInstantiateSingleton(DefaultListableBeanFactory.java:1194)
	at org.springframework.beans.factory.support.DefaultListableBeanFactory.preInstantiateSingletons(DefaultListableBeanFactory.java:1130)
	at org.springframework.context.support.AbstractApplicationContext.finishBeanFactoryInitialization(AbstractApplicationContext.java:991)
	at org.springframework.context.support.AbstractApplicationContext.refresh(AbstractApplicationContext.java:628)
	at org.springframework.boot.web.servlet.context.ServletWebServerApplicationContext.refresh(ServletWebServerApplicationContext.java:146)
	at org.springframework.boot.SpringApplication.refresh(SpringApplication.java:752)
	at org.springframework.boot.SpringApplication.refreshContext(SpringApplication.java:439)
	at org.springframework.boot.SpringApplication.run(SpringApplication.java:318)
	at org.springframework.boot.SpringApplication.run(SpringApplication.java:1361)
	at org.springframework.boot.SpringApplication.run(SpringApplication.java:1350)
	at apb.co.la.moh.api.mobile.service.Application.main(Application.java:11)
Caused by: org.springframework.util.PlaceholderResolutionException: Could not resolve placeholder 'swagger.server.dev.enabled' in value "${swagger.server.dev.enabled}"
	at org.springframework.util.PlaceholderResolutionException.withValue(PlaceholderResolutionException.java:81)
	at org.springframework.util.PlaceholderParser$ParsedValue.resolve(PlaceholderParser.java:298)
	at org.springframework.util.PlaceholderParser.replacePlaceholders(PlaceholderParser.java:131)
	at org.springframework.util.PropertyPlaceholderHelper.replacePlaceholders(PropertyPlaceholderHelper.java:114)
	at org.springframework.core.env.AbstractPropertyResolver.doResolvePlaceholders(AbstractPropertyResolver.java:293)
	at org.springframework.core.env.AbstractPropertyResolver.resolveRequiredPlaceholders(AbstractPropertyResolver.java:264)
	at org.springframework.context.support.PropertySourcesPlaceholderConfigurer.lambda$processProperties$0(PropertySourcesPlaceholderConfigurer.java:186)
	at org.springframework.beans.factory.support.AbstractBeanFactory.resolveEmbeddedValue(AbstractBeanFactory.java:970)
	at org.springframework.beans.factory.support.DefaultListableBeanFactory.doResolveDependency(DefaultListableBeanFactory.java:1675)
	at org.springframework.beans.factory.support.DefaultListableBeanFactory.resolveDependency(DefaultListableBeanFactory.java:1653)
	at org.springframework.beans.factory.annotation.AutowiredAnnotationBeanPostProcessor$AutowiredFieldElement.resolveFieldValue(AutowiredAnnotationBeanPostProcessor.java:784)
	at org.springframework.beans.factory.annotation.AutowiredAnnotationBeanPostProcessor$AutowiredFieldElement.inject(AutowiredAnnotationBeanPostProcessor.java:767)
	at org.springframework.beans.factory.annotation.InjectionMetadata.inject(InjectionMetadata.java:146)
	at org.springframework.beans.factory.annotation.AutowiredAnnotationBeanPostProcessor.postProcessProperties(AutowiredAnnotationBeanPostProcessor.java:509)
	... 19 more
2026-06-02 15:17:00.067  INFO DESKTOP-9L69FMB --- [kground-preinit] o.h.v.i.u.Version                        : HV000001: Hibernate Validator 8.0.3.Final
2026-06-02 15:17:00.096  INFO DESKTOP-9L69FMB --- [           main] a.c.l.m.a.m.s.Application                : Starting Application using Java 17.0.12 with PID 8060 (C:\Users\ksdev\Desktop\api\moh-api-mobile-service\target\classes started by ksdev in C:\Users\ksdev\Desktop\api\moh-api-mobile-service)
2026-06-02 15:17:00.098 DEBUG DESKTOP-9L69FMB --- [           main] a.c.l.m.a.m.s.Application                : Running with Spring Boot v3.5.14, Spring v6.2.18
2026-06-02 15:17:00.099  INFO DESKTOP-9L69FMB --- [           main] a.c.l.m.a.m.s.Application                : The following 1 profile is active: "dev"
2026-06-02 15:17:00.700  INFO DESKTOP-9L69FMB --- [           main] o.s.c.c.s.GenericScope                   : BeanFactory id=8319c08a-f8bc-3ccb-9a5b-81e1d8d4b254
2026-06-02 15:17:00.825  INFO DESKTOP-9L69FMB --- [           main] o.s.b.w.e.t.TomcatWebServer              : Tomcat initialized with port 8002 (http)
2026-06-02 15:17:00.831  INFO DESKTOP-9L69FMB --- [           main] o.a.c.h.Http11NioProtocol                : Initializing ProtocolHandler ["http-nio-8002"]
2026-06-02 15:17:00.831  INFO DESKTOP-9L69FMB --- [           main] o.a.c.c.StandardService                  : Starting service [Tomcat]
2026-06-02 15:17:00.832  INFO DESKTOP-9L69FMB --- [           main] o.a.c.c.StandardEngine                   : Starting Servlet engine: [Apache Tomcat/10.1.54]
2026-06-02 15:17:00.863  INFO DESKTOP-9L69FMB --- [           main] o.a.c.c.C.[.[.[/moh-api-mobile-service]  : Initializing Spring embedded WebApplicationContext
2026-06-02 15:17:00.864  INFO DESKTOP-9L69FMB --- [           main] w.s.c.ServletWebServerApplicationContext : Root WebApplicationContext: initialization completed in 746 ms
2026-06-02 15:17:01.032  WARN DESKTOP-9L69FMB --- [           main] o.s.c.o.s.SpringMvcContract              : [OpenFeign Warning] Feign method 'public abstract apb.co.la.moh.api.mobile.service.dto.ApiResponse<java.lang.Object> apb.co.la.moh.api.mobile.service.client.ApiServiceClient.getLocationById(java.lang.String)' is declared as GET with parameters, but none of the parameters are annotated (e.g. @RequestParam, @RequestHeader, @PathVariable, etc). This may result in fallback to POST at runtime. Consider explicitly annotating parameters.
2026-06-02 15:17:01.032  WARN DESKTOP-9L69FMB --- [           main] o.s.c.o.s.SpringMvcContract              : [OpenFeign Warning] Feign method 'public abstract apb.co.la.moh.api.mobile.service.dto.ApiResponse<java.lang.Object> apb.co.la.moh.api.mobile.service.client.ApiServiceClient.getLocationsByParentId(java.lang.String)' is declared as GET with parameters, but none of the parameters are annotated (e.g. @RequestParam, @RequestHeader, @PathVariable, etc). This may result in fallback to POST at runtime. Consider explicitly annotating parameters.
2026-06-02 15:17:01.349  INFO DESKTOP-9L69FMB --- [           main] o.s.b.a.e.w.EndpointLinksResolver        : Exposing 1 endpoint beneath base path '/actuator'
2026-06-02 15:17:01.377  INFO DESKTOP-9L69FMB --- [           main] o.a.c.h.Http11NioProtocol                : Starting ProtocolHandler ["http-nio-8002"]
2026-06-02 15:17:01.390  INFO DESKTOP-9L69FMB --- [           main] o.s.b.w.e.t.TomcatWebServer              : Tomcat started on port 8002 (http) with context path '/moh-api-mobile-service'
2026-06-02 15:17:01.426  INFO DESKTOP-9L69FMB --- [           main] a.c.l.m.a.m.s.Application                : Started Application in 1.66 seconds (process running for 2.104)
2026-06-02 15:17:01.431  WARN DESKTOP-9L69FMB --- [           main] o.s.c.e.SpringDocAppInitializer          : SpringDoc /v3/api-docs endpoint is enabled by default. To disable it in production, set the property 'springdoc.api-docs.enabled=false'
2026-06-02 15:17:01.431  WARN DESKTOP-9L69FMB --- [           main] o.s.c.e.SpringDocAppInitializer          : SpringDoc /swagger-ui.html endpoint is enabled by default. To disable it in production, set the property 'springdoc.swagger-ui.enabled=false'
2026-06-02 15:17:01.916  INFO DESKTOP-9L69FMB --- [n(2)-10.2.6.191] o.a.c.c.C.[.[.[/moh-api-mobile-service]  : Initializing Spring DispatcherServlet 'dispatcherServlet'
2026-06-02 15:17:01.917  INFO DESKTOP-9L69FMB --- [n(2)-10.2.6.191] o.s.w.s.DispatcherServlet                : Initializing Servlet 'dispatcherServlet'
2026-06-02 15:17:01.918  INFO DESKTOP-9L69FMB --- [n(2)-10.2.6.191] o.s.w.s.DispatcherServlet                : Completed initialization in 1 ms
2026-06-02 15:18:52.311  INFO DESKTOP-9L69FMB --- [ionShutdownHook] o.s.b.w.e.t.GracefulShutdown             : Commencing graceful shutdown. Waiting for active requests to complete
2026-06-02 15:18:52.369  INFO DESKTOP-9L69FMB --- [tomcat-shutdown] o.s.b.w.e.t.GracefulShutdown             : Graceful shutdown complete
2026-06-02 15:18:53.786  INFO DESKTOP-9L69FMB --- [kground-preinit] o.h.v.i.u.Version                        : HV000001: Hibernate Validator 8.0.3.Final
2026-06-02 15:18:53.813  INFO DESKTOP-9L69FMB --- [           main] a.c.l.m.a.m.s.Application                : Starting Application using Java 17.0.12 with PID 21004 (C:\Users\ksdev\Desktop\api\moh-api-mobile-service\target\classes started by ksdev in C:\Users\ksdev\Desktop\api\moh-api-mobile-service)
2026-06-02 15:18:53.815 DEBUG DESKTOP-9L69FMB --- [           main] a.c.l.m.a.m.s.Application                : Running with Spring Boot v3.5.14, Spring v6.2.18
2026-06-02 15:18:53.816  INFO DESKTOP-9L69FMB --- [           main] a.c.l.m.a.m.s.Application                : The following 1 profile is active: "dev"
2026-06-02 15:18:54.432  INFO DESKTOP-9L69FMB --- [           main] o.s.c.c.s.GenericScope                   : BeanFactory id=8319c08a-f8bc-3ccb-9a5b-81e1d8d4b254
2026-06-02 15:18:54.555  INFO DESKTOP-9L69FMB --- [           main] o.s.b.w.e.t.TomcatWebServer              : Tomcat initialized with port 8002 (http)
2026-06-02 15:18:54.561  INFO DESKTOP-9L69FMB --- [           main] o.a.c.h.Http11NioProtocol                : Initializing ProtocolHandler ["http-nio-8002"]
2026-06-02 15:18:54.562  INFO DESKTOP-9L69FMB --- [           main] o.a.c.c.StandardService                  : Starting service [Tomcat]
2026-06-02 15:18:54.562  INFO DESKTOP-9L69FMB --- [           main] o.a.c.c.StandardEngine                   : Starting Servlet engine: [Apache Tomcat/10.1.54]
2026-06-02 15:18:54.598  INFO DESKTOP-9L69FMB --- [           main] o.a.c.c.C.[.[.[/moh-api-mobile-service]  : Initializing Spring embedded WebApplicationContext
2026-06-02 15:18:54.598  INFO DESKTOP-9L69FMB --- [           main] w.s.c.ServletWebServerApplicationContext : Root WebApplicationContext: initialization completed in 762 ms
2026-06-02 15:18:54.772  WARN DESKTOP-9L69FMB --- [           main] o.s.c.o.s.SpringMvcContract              : [OpenFeign Warning] Feign method 'public abstract apb.co.la.moh.api.mobile.service.dto.ApiResponse<java.lang.Object> apb.co.la.moh.api.mobile.service.client.ApiServiceClient.getLocationById(java.lang.String)' is declared as GET with parameters, but none of the parameters are annotated (e.g. @RequestParam, @RequestHeader, @PathVariable, etc). This may result in fallback to POST at runtime. Consider explicitly annotating parameters.
2026-06-02 15:18:54.773  WARN DESKTOP-9L69FMB --- [           main] o.s.c.o.s.SpringMvcContract              : [OpenFeign Warning] Feign method 'public abstract apb.co.la.moh.api.mobile.service.dto.ApiResponse<java.lang.Object> apb.co.la.moh.api.mobile.service.client.ApiServiceClient.getLocationsByParentId(java.lang.String)' is declared as GET with parameters, but none of the parameters are annotated (e.g. @RequestParam, @RequestHeader, @PathVariable, etc). This may result in fallback to POST at runtime. Consider explicitly annotating parameters.
2026-06-02 15:18:55.132  INFO DESKTOP-9L69FMB --- [           main] o.s.b.a.e.w.EndpointLinksResolver        : Exposing 1 endpoint beneath base path '/actuator'
2026-06-02 15:18:55.168  INFO DESKTOP-9L69FMB --- [           main] o.a.c.h.Http11NioProtocol                : Starting ProtocolHandler ["http-nio-8002"]
2026-06-02 15:18:55.178  INFO DESKTOP-9L69FMB --- [           main] o.s.b.w.e.t.TomcatWebServer              : Tomcat started on port 8002 (http) with context path '/moh-api-mobile-service'
2026-06-02 15:18:55.217  INFO DESKTOP-9L69FMB --- [           main] a.c.l.m.a.m.s.Application                : Started Application in 1.721 seconds (process running for 2.174)
2026-06-02 15:18:55.221  WARN DESKTOP-9L69FMB --- [           main] o.s.c.e.SpringDocAppInitializer          : SpringDoc /v3/api-docs endpoint is enabled by default. To disable it in production, set the property 'springdoc.api-docs.enabled=false'
2026-06-02 15:18:55.221  WARN DESKTOP-9L69FMB --- [           main] o.s.c.e.SpringDocAppInitializer          : SpringDoc /swagger-ui.html endpoint is enabled by default. To disable it in production, set the property 'springdoc.swagger-ui.enabled=false'
2026-06-02 15:18:55.645  INFO DESKTOP-9L69FMB --- [n(3)-10.2.6.191] o.a.c.c.C.[.[.[/moh-api-mobile-service]  : Initializing Spring DispatcherServlet 'dispatcherServlet'
2026-06-02 15:18:55.646  INFO DESKTOP-9L69FMB --- [n(3)-10.2.6.191] o.s.w.s.DispatcherServlet                : Initializing Servlet 'dispatcherServlet'
2026-06-02 15:18:55.646  INFO DESKTOP-9L69FMB --- [n(3)-10.2.6.191] o.s.w.s.DispatcherServlet                : Completed initialization in 0 ms
2026-06-02 15:21:45.087  INFO DESKTOP-9L69FMB --- [ionShutdownHook] o.s.b.w.e.t.GracefulShutdown             : Commencing graceful shutdown. Waiting for active requests to complete
2026-06-02 15:21:45.140  INFO DESKTOP-9L69FMB --- [tomcat-shutdown] o.s.b.w.e.t.GracefulShutdown             : Graceful shutdown complete
2026-06-02 15:21:53.877  INFO DESKTOP-9L69FMB --- [kground-preinit] o.h.v.i.u.Version                        : HV000001: Hibernate Validator 8.0.3.Final
2026-06-02 15:21:53.909  INFO DESKTOP-9L69FMB --- [           main] a.c.l.m.a.m.s.Application                : Starting Application using Java 17.0.12 with PID 20852 (C:\Users\ksdev\Desktop\api\moh-api-mobile-service\target\classes started by ksdev in C:\Users\ksdev\Desktop\api\moh-api-mobile-service)
2026-06-02 15:21:53.911 DEBUG DESKTOP-9L69FMB --- [           main] a.c.l.m.a.m.s.Application                : Running with Spring Boot v3.5.14, Spring v6.2.18
2026-06-02 15:21:53.912  INFO DESKTOP-9L69FMB --- [           main] a.c.l.m.a.m.s.Application                : The following 1 profile is active: "uat"
2026-06-02 15:21:54.502  INFO DESKTOP-9L69FMB --- [           main] o.s.c.c.s.GenericScope                   : BeanFactory id=8319c08a-f8bc-3ccb-9a5b-81e1d8d4b254
2026-06-02 15:21:54.624  INFO DESKTOP-9L69FMB --- [           main] o.s.b.w.e.t.TomcatWebServer              : Tomcat initialized with port 8002 (http)
2026-06-02 15:21:54.629  INFO DESKTOP-9L69FMB --- [           main] o.a.c.h.Http11NioProtocol                : Initializing ProtocolHandler ["http-nio-8002"]
2026-06-02 15:21:54.630  INFO DESKTOP-9L69FMB --- [           main] o.a.c.c.StandardService                  : Starting service [Tomcat]
2026-06-02 15:21:54.630  INFO DESKTOP-9L69FMB --- [           main] o.a.c.c.StandardEngine                   : Starting Servlet engine: [Apache Tomcat/10.1.54]
2026-06-02 15:21:54.663  INFO DESKTOP-9L69FMB --- [           main] o.a.c.c.C.[.[.[/moh-api-mobile-service]  : Initializing Spring embedded WebApplicationContext
2026-06-02 15:21:54.663  INFO DESKTOP-9L69FMB --- [           main] w.s.c.ServletWebServerApplicationContext : Root WebApplicationContext: initialization completed in 730 ms
2026-06-02 15:21:54.829  WARN DESKTOP-9L69FMB --- [           main] o.s.c.o.s.SpringMvcContract              : [OpenFeign Warning] Feign method 'public abstract apb.co.la.moh.api.mobile.service.dto.ApiResponse<java.lang.Object> apb.co.la.moh.api.mobile.service.client.ApiServiceClient.getLocationById(java.lang.String)' is declared as GET with parameters, but none of the parameters are annotated (e.g. @RequestParam, @RequestHeader, @PathVariable, etc). This may result in fallback to POST at runtime. Consider explicitly annotating parameters.
2026-06-02 15:21:54.831  WARN DESKTOP-9L69FMB --- [           main] o.s.c.o.s.SpringMvcContract              : [OpenFeign Warning] Feign method 'public abstract apb.co.la.moh.api.mobile.service.dto.ApiResponse<java.lang.Object> apb.co.la.moh.api.mobile.service.client.ApiServiceClient.getLocationsByParentId(java.lang.String)' is declared as GET with parameters, but none of the parameters are annotated (e.g. @RequestParam, @RequestHeader, @PathVariable, etc). This may result in fallback to POST at runtime. Consider explicitly annotating parameters.
2026-06-02 15:21:55.143  INFO DESKTOP-9L69FMB --- [           main] o.s.b.a.e.w.EndpointLinksResolver        : Exposing 1 endpoint beneath base path '/actuator'
2026-06-02 15:21:55.171  INFO DESKTOP-9L69FMB --- [           main] o.a.c.h.Http11NioProtocol                : Starting ProtocolHandler ["http-nio-8002"]
2026-06-02 15:21:55.180  INFO DESKTOP-9L69FMB --- [           main] o.s.b.w.e.t.TomcatWebServer              : Tomcat started on port 8002 (http) with context path '/moh-api-mobile-service'
2026-06-02 15:21:55.216  INFO DESKTOP-9L69FMB --- [           main] a.c.l.m.a.m.s.Application                : Started Application in 1.62 seconds (process running for 2.057)
2026-06-02 15:21:55.220  WARN DESKTOP-9L69FMB --- [           main] o.s.c.e.SpringDocAppInitializer          : SpringDoc /v3/api-docs endpoint is enabled by default. To disable it in production, set the property 'springdoc.api-docs.enabled=false'
2026-06-02 15:21:55.220  WARN DESKTOP-9L69FMB --- [           main] o.s.c.e.SpringDocAppInitializer          : SpringDoc /swagger-ui.html endpoint is enabled by default. To disable it in production, set the property 'springdoc.swagger-ui.enabled=false'
2026-06-02 15:21:55.766  INFO DESKTOP-9L69FMB --- [n(1)-10.2.6.191] o.a.c.c.C.[.[.[/moh-api-mobile-service]  : Initializing Spring DispatcherServlet 'dispatcherServlet'
2026-06-02 15:21:55.766  INFO DESKTOP-9L69FMB --- [n(1)-10.2.6.191] o.s.w.s.DispatcherServlet                : Initializing Servlet 'dispatcherServlet'
2026-06-02 15:21:55.767  INFO DESKTOP-9L69FMB --- [n(1)-10.2.6.191] o.s.w.s.DispatcherServlet                : Completed initialization in 0 ms
2026-06-02 15:22:06.051  INFO DESKTOP-9L69FMB --- [nio-8002-exec-8] o.s.a.AbstractOpenApiResource            : Init duration for springdoc-openapi is: 117 ms
2026-06-02 16:17:52.885  INFO DESKTOP-9L69FMB --- [nio-8002-exec-6] a.c.l.m.a.m.s.c.LocationController       : GET /api/v1/mobile/locations/nearest - Finding nearest hospitals via integration service
2026-06-02 16:23:20.697  INFO DESKTOP-9L69FMB --- [nio-8002-exec-3] a.c.l.m.a.m.s.c.LocationController       : GET /api/v1/mobile/locations/nearest - Finding nearest hospitals via integration service
2026-06-02 16:23:20.735  INFO DESKTOP-9L69FMB --- [nio-8002-exec-9] a.c.l.m.a.m.s.c.LocationController       : GET /api/v1/mobile/locations/nearest - Finding nearest hospitals via integration service
2026-06-02 16:23:20.756  INFO DESKTOP-9L69FMB --- [io-8002-exec-10] a.c.l.m.a.m.s.c.LocationController       : GET /api/v1/mobile/locations/nearest - Finding nearest hospitals via integration service
2026-06-02 16:23:20.778  INFO DESKTOP-9L69FMB --- [nio-8002-exec-1] a.c.l.m.a.m.s.c.LocationController       : GET /api/v1/mobile/locations/nearest - Finding nearest hospitals via integration service
2026-06-02 16:23:20.798  INFO DESKTOP-9L69FMB --- [nio-8002-exec-2] a.c.l.m.a.m.s.c.LocationController       : GET /api/v1/mobile/locations/nearest - Finding nearest hospitals via integration service
2026-06-02 16:23:20.817  INFO DESKTOP-9L69FMB --- [nio-8002-exec-8] a.c.l.m.a.m.s.c.LocationController       : GET /api/v1/mobile/locations/nearest - Finding nearest hospitals via integration service
2026-06-02 16:23:23.698  INFO DESKTOP-9L69FMB --- [nio-8002-exec-5] a.c.l.m.a.m.s.c.LocationController       : GET /api/v1/mobile/locations/nearest - Finding nearest hospitals via integration service
2026-06-02 16:23:23.733  INFO DESKTOP-9L69FMB --- [nio-8002-exec-4] a.c.l.m.a.m.s.c.LocationController       : GET /api/v1/mobile/locations/nearest - Finding nearest hospitals via integration service
2026-06-02 16:23:23.771  INFO DESKTOP-9L69FMB --- [nio-8002-exec-6] a.c.l.m.a.m.s.c.LocationController       : GET /api/v1/mobile/locations/nearest - Finding nearest hospitals via integration service
2026-06-02 16:35:02.279  INFO DESKTOP-9L69FMB --- [io-8002-exec-10] a.c.l.m.a.m.s.c.LocationController       : GET /api/v1/mobile/locations/nearest - Finding nearest hospitals via integration service
2026-06-02 16:35:02.756  INFO DESKTOP-9L69FMB --- [nio-8002-exec-1] a.c.l.m.a.m.s.c.LocationController       : GET /api/v1/mobile/locations/nearest - Finding nearest hospitals via integration service
2026-06-02 16:35:44.320  INFO DESKTOP-9L69FMB --- [nio-8002-exec-2] a.c.l.m.a.m.s.c.LocationController       : GET /api/v1/mobile/locations/nearest - Finding nearest hospitals via integration service
2026-06-02 16:35:44.363  INFO DESKTOP-9L69FMB --- [nio-8002-exec-8] a.c.l.m.a.m.s.c.LocationController       : GET /api/v1/mobile/locations/nearest - Finding nearest hospitals via integration service
2026-06-02 16:35:44.391  INFO DESKTOP-9L69FMB --- [nio-8002-exec-5] a.c.l.m.a.m.s.c.LocationController       : GET /api/v1/mobile/locations/nearest - Finding nearest hospitals via integration service
2026-06-02 16:35:45.478  INFO DESKTOP-9L69FMB --- [nio-8002-exec-4] a.c.l.m.a.m.s.c.LocationController       : GET /api/v1/mobile/locations/nearest - Finding nearest hospitals via integration service
2026-06-02 16:35:47.574  INFO DESKTOP-9L69FMB --- [nio-8002-exec-6] a.c.l.m.a.m.s.c.LocationController       : GET /api/v1/mobile/locations/nearest - Finding nearest hospitals via integration service
2026-06-02 16:35:48.008  INFO DESKTOP-9L69FMB --- [nio-8002-exec-7] a.c.l.m.a.m.s.c.LocationController       : GET /api/v1/mobile/locations/nearest - Finding nearest hospitals via integration service
2026-06-02 17:27:58.894  INFO DESKTOP-9L69FMB --- [ionShutdownHook] o.s.b.w.e.t.GracefulShutdown             : Commencing graceful shutdown. Waiting for active requests to complete
2026-06-02 17:27:58.947  INFO DESKTOP-9L69FMB --- [tomcat-shutdown] o.s.b.w.e.t.GracefulShutdown             : Graceful shutdown complete
